#
# There is insufficient memory for the Java Runtime Environment to continue.
# Native memory allocation (mmap) failed to map 398458880 bytes for G1 virtual space
# Possible reasons:
#   The system is out of physical RAM or swap space
#   The process is running with CompressedOops enabled, and the Java Heap may be blocking the growth of the native heap
# Possible solutions:
#   Reduce memory load on the system
#   Increase physical memory or swap space
#   Check if swap backing store is full
#   Decrease Java heap size (-Xmx/-Xms)
#   Decrease number of Java threads
#   Decrease Java thread stack sizes (-Xss)
#   Set larger code cache with -XX:ReservedCodeCacheSize=
#   JVM is running with Zero Based Compressed Oops mode in which the Java heap is
#     placed in the first 32GB address space. The Java Heap base address is the
#     maximum limit for the native heap growth. Please use -XX:HeapBaseMinAddress
#     to set the Java Heap base and to place the Java Heap above 32GB virtual address.
# This output file may be truncated or incomplete.
#
#  Out of Memory Error (os_windows.cpp:3548), pid=6552, tid=34492
#
# JRE version:  (17.0.10+11) (build )
# Java VM: Java HotSpot(TM) 64-Bit Server VM (17.0.10+11-LTS-240, mixed mode, sharing, tiered, compressed oops, compressed class ptrs, g1 gc, windows-amd64)
# No core dump will be written. Minidumps are not enabled by default on client versions of Windows
#

---------------  S U M M A R Y ------------

Command Line: -Dfile.encoding=UTF-8 C:\Users\PC\AppData\Local\Temp\surefire15491064156234022555\surefirebooter-20260507005936006_3.jar C:\Users\PC\AppData\Local\Temp\surefire15491064156234022555 2026-05-07T00-59-35_740-jvmRun1 surefire-20260507005936006_1tmp surefire_0-20260507005936006_2tmp

Host: 11th Gen Intel(R) Core(TM) i5-11400H @ 2.70GHz, 12 cores, 23G,  Windows 11 , 64 bit Build 26100 (10.0.26100.7309)
Time: Thu May  7 00:59:36 2026 SE Asia Standard Time elapsed time: 0.009803 seconds (0d 0h 0m 0s)

---------------  T H R E A D  ---------------

Current thread (0x0000016420accc30):  JavaThread "Unknown thread" [_thread_in_vm, id=34492, stack(0x000000370c100000,0x000000370c200000)]

Stack: [0x000000370c100000,0x000000370c200000]
Native frames: (J=compiled Java code, j=interpreted, Vv=VM code, C=native code)
V  [jvm.dll+0x677a5a]
V  [jvm.dll+0x7d8b2d]
V  [jvm.dll+0x7da48e]
V  [jvm.dll+0x7daaf3]
V  [jvm.dll+0x2455ff]
V  [jvm.dll+0x6749b9]
V  [jvm.dll+0x669382]
V  [jvm.dll+0x302e96]
V  [jvm.dll+0x30a416]
V  [jvm.dll+0x359cbe]
V  [jvm.dll+0x359eef]
V  [jvm.dll+0x2d9e88]
V  [jvm.dll+0x2dadf4]
V  [jvm.dll+0x7aa551]
V  [jvm.dll+0x367911]
V  [jvm.dll+0x789639]
V  [jvm.dll+0x3eb30f]
V  [jvm.dll+0x3ecd91]
C  [jli.dll+0x5297]
C  [ucrtbase.dll+0x37b0]
C  [KERNEL32.DLL+0x2e8d7]
C  [ntdll.dll+0x8c53c]


---------------  P R O C E S S  ---------------

Threads class SMR info:
_java_thread_list=0x00007ff897aa6a18, length=0, elements={
}

Java Threads: ( => current thread )

Other Threads:
  0x0000016420b54c60 GCTaskThread "GC Thread#0" [stack: 0x000000370c200000,0x000000370c300000] [id=30928]
  0x0000016420b61ad0 ConcurrentGCThread "G1 Main Marker" [stack: 0x000000370c300000,0x000000370c400000] [id=23152]
  0x0000016420b63f00 ConcurrentGCThread "G1 Conc#0" [stack: 0x000000370c400000,0x000000370c500000] [id=35700]

[error occurred during error reporting (printing all threads), id 0xc0000005, EXCEPTION_ACCESS_VIOLATION (0xc0000005) at pc=0x00007ff8972daae7]

VM state: not at safepoint (not fully initialized)

VM Mutex/Monitor currently owned by a thread:  ([mutex/lock_event])
[0x0000016420ac7520] Heap_lock - owner thread: 0x0000016420accc30

Heap address: 0x0000000684800000, size: 6072 MB, Compressed Oops mode: Zero based, Oop shift amount: 3

CDS archive(s) mapped at: [0x0000000000000000-0x0000000000000000-0x0000000000000000), size 0, SharedBaseAddress: 0x0000000800000000, ArchiveRelocationMode: 1.
Narrow klass base: 0x0000000000000000, Narrow klass shift: 0, Narrow klass range: 0x0

GC Precious Log:
<Empty>

Heap:
 garbage-first heap   total 0K, used 0K [0x0000000684800000, 0x0000000800000000)
  region size 4096K, 0 young (0K), 0 survivors (0K)

[error occurred during error reporting (printing heap information), id 0xc0000005, EXCEPTION_ACCESS_VIOLATION (0xc0000005) at pc=0x00007ff8976c1249]

GC Heap History (0 events):
No events

Deoptimization events (0 events):
No events

Classes unloaded (0 events):
No events

Classes redefined (0 events):
No events

Internal exceptions (0 events):
No events

VM Operations (0 events):
No events

Events (1 events):
Event: 0.006 Loaded shared library C:\Program Files\Java\jdk-17\bin\java.dll


Dynamic libraries:
0x00007ff767150000 - 0x00007ff767160000 	C:\Program Files\Java\jdk-17\bin\java.exe
0x00007ff979120000 - 0x00007ff979387000 	C:\WINDOWS\SYSTEM32\ntdll.dll
0x00007ff977720000 - 0x00007ff9777e9000 	C:\WINDOWS\System32\KERNEL32.DLL
0x00007ff976650000 - 0x00007ff976a3f000 	C:\WINDOWS\System32\KERNELBASE.dll
0x00007ff976d40000 - 0x00007ff976e8b000 	C:\WINDOWS\System32\ucrtbase.dll
0x00007ff91bf30000 - 0x00007ff91bf49000 	C:\Program Files\Java\jdk-17\bin\jli.dll
0x00007ff921d60000 - 0x00007ff921d7b000 	C:\Program Files\Java\jdk-17\bin\VCRUNTIME140.dll
0x00007ff978510000 - 0x00007ff9785c4000 	C:\WINDOWS\System32\ADVAPI32.dll
0x00007ff978a80000 - 0x00007ff978b29000 	C:\WINDOWS\System32\msvcrt.dll
0x00007ff978070000 - 0x00007ff978116000 	C:\WINDOWS\System32\sechost.dll
0x00007ff977600000 - 0x00007ff977718000 	C:\WINDOWS\System32\RPCRT4.dll
0x00007ff978ea0000 - 0x00007ff979065000 	C:\WINDOWS\System32\USER32.dll
0x00007ff976e90000 - 0x00007ff976eb7000 	C:\WINDOWS\System32\win32u.dll
0x00007ff978bc0000 - 0x00007ff978beb000 	C:\WINDOWS\System32\GDI32.dll
0x00007ff95af80000 - 0x00007ff95b213000 	C:\WINDOWS\WinSxS\amd64_microsoft.windows.common-controls_6595b64144ccf1df_6.0.26100.7309_none_3e05feeae336a044\COMCTL32.dll
0x00007ff9763b0000 - 0x00007ff9764dc000 	C:\WINDOWS\System32\gdi32full.dll
0x00007ff976a50000 - 0x00007ff976af3000 	C:\WINDOWS\System32\msvcp_win.dll
0x00007ff975b90000 - 0x00007ff975b9b000 	C:\WINDOWS\SYSTEM32\VERSION.dll
0x00007ff978e60000 - 0x00007ff978e91000 	C:\WINDOWS\System32\IMM32.DLL
0x000000006ecd0000 - 0x000000006ecdc000 	C:\Program Files (x86)\360\Total Security\safemon\SafeWrapper.dll
0x00007ff8b5280000 - 0x00007ff8b532c000 	C:\Program Files (x86)\360\Total Security\safemon\libzdtp64.dll
0x00007ff9777f0000 - 0x00007ff977f43000 	C:\WINDOWS\System32\SHELL32.dll
0x00007ff9764e0000 - 0x00007ff97664a000 	C:\WINDOWS\System32\wintypes.dll
0x00007ff978180000 - 0x00007ff978505000 	C:\WINDOWS\System32\combase.dll
0x00007ff979070000 - 0x00007ff9790d6000 	C:\WINDOWS\System32\SHLWAPI.dll
0x00007ff970610000 - 0x00007ff97061c000 	C:\Program Files\Java\jdk-17\bin\vcruntime140_1.dll
0x00007ff8eb620000 - 0x00007ff8eb6ae000 	C:\Program Files\Java\jdk-17\bin\msvcp140.dll
0x00007ff896ff0000 - 0x00007ff897bcf000 	C:\Program Files\Java\jdk-17\bin\server\jvm.dll
0x00007ff978c00000 - 0x00007ff978c08000 	C:\WINDOWS\System32\PSAPI.DLL
0x00007ff96cfb0000 - 0x00007ff96cfba000 	C:\WINDOWS\SYSTEM32\WSOCK32.dll
0x00007ff978c10000 - 0x00007ff978c84000 	C:\WINDOWS\System32\WS2_32.dll
0x00007ff968d40000 - 0x00007ff968d75000 	C:\WINDOWS\SYSTEM32\WINMM.dll
0x00007ff974fb0000 - 0x00007ff974fcb000 	C:\WINDOWS\SYSTEM32\kernel.appcore.dll
0x00007ff95bc90000 - 0x00007ff95bc9a000 	C:\Program Files\Java\jdk-17\bin\jimage.dll
0x00007ff973b10000 - 0x00007ff973d52000 	C:\WINDOWS\SYSTEM32\DBGHELP.DLL
0x00007ff978650000 - 0x00007ff978726000 	C:\WINDOWS\System32\OLEAUT32.dll
0x00007ff947a50000 - 0x00007ff947a8c000 	C:\WINDOWS\SYSTEM32\dbgcore.DLL
0x00007ff976300000 - 0x00007ff9763a5000 	C:\WINDOWS\System32\bcryptPrimitives.dll
0x00007ff906190000 - 0x00007ff9061b5000 	C:\Program Files\Java\jdk-17\bin\java.dll

dbghelp: loaded successfully - version: 4.0.5 - missing functions: none
symbol engine: initialized successfully - sym options: 0x614 - pdb path: .;C:\Program Files\Java\jdk-17\bin;C:\WINDOWS\SYSTEM32;C:\WINDOWS\WinSxS\amd64_microsoft.windows.common-controls_6595b64144ccf1df_6.0.26100.7309_none_3e05feeae336a044;C:\Program Files (x86)\360\Total Security\safemon;C:\Program Files\Java\jdk-17\bin\server

VM Arguments:
jvm_args: -Dfile.encoding=UTF-8 
java_command: C:\Users\PC\AppData\Local\Temp\surefire15491064156234022555\surefirebooter-20260507005936006_3.jar C:\Users\PC\AppData\Local\Temp\surefire15491064156234022555 2026-05-07T00-59-35_740-jvmRun1 surefire-20260507005936006_1tmp surefire_0-20260507005936006_2tmp
java_class_path (initial): C:\Users\PC\AppData\Local\Temp\surefire15491064156234022555\surefirebooter-20260507005936006_3.jar
Launcher Type: SUN_STANDARD

[Global flags]
     intx CICompilerCount                          = 4                                         {product} {ergonomic}
     uint ConcGCThreads                            = 3                                         {product} {ergonomic}
     uint G1ConcRefinementThreads                  = 10                                        {product} {ergonomic}
   size_t G1HeapRegionSize                         = 4194304                                   {product} {ergonomic}
    uintx GCDrainStackTargetSize                   = 64                                        {product} {ergonomic}
   size_t InitialHeapSize                          = 398458880                                 {product} {ergonomic}
   size_t MarkStackSize                            = 4194304                                   {product} {ergonomic}
   size_t MaxHeapSize                              = 6366953472                                {product} {ergonomic}
   size_t MinHeapDeltaBytes                        = 4194304                                   {product} {ergonomic}
   size_t MinHeapSize                              = 8388608                                   {product} {ergonomic}
    uintx NonNMethodCodeHeapSize                   = 5839372                                {pd product} {ergonomic}
    uintx NonProfiledCodeHeapSize                  = 122909434                              {pd product} {ergonomic}
    uintx ProfiledCodeHeapSize                     = 122909434                              {pd product} {ergonomic}
    uintx ReservedCodeCacheSize                    = 251658240                              {pd product} {ergonomic}
     bool SegmentedCodeCache                       = true                                      {product} {ergonomic}
   size_t SoftMaxHeapSize                          = 6366953472                             {manageable} {ergonomic}
     bool UseCompressedClassPointers               = true                           {product lp64_product} {ergonomic}
     bool UseCompressedOops                        = true                           {product lp64_product} {ergonomic}
     bool UseG1GC                                  = true                                      {product} {ergonomic}
     bool UseLargePagesIndividualAllocation        = false                                  {pd product} {ergonomic}

Logging:
Log output configuration:
 #0: stdout all=warning uptime,level,tags
 #1: stderr all=off uptime,level,tags

Environment Variables:
JAVA_HOME=C:\Program Files\Java\jdk-17
PATH=C:\Program Files\Common Files\Oracle\Java\javapath;C:\Windows\system32;C:\Windows;C:\Windows\System32\Wbem;C:\Windows\System32\WindowsPowerShell\v1.0\;C:\Windows\System32\OpenSSH\;C:\WINDOWS\system32;C:\WINDOWS;C:\WINDOWS\System32\Wbem;C:\WINDOWS\System32\WindowsPowerShell\v1.0\;C:\WINDOWS\System32\OpenSSH\;C:\Program Files\dotnet\;C:\MinGW\bin;C:\Program Files (x86)\Microsoft SQL Server\160\Tools\Binn\;C:\Program Files\Microsoft SQL Server\160\Tools\Binn\;C:\Program Files\Microsoft SQL Server\Client SDK\ODBC\170\Tools\Binn\;C:\Program Files\Microsoft SQL Server\160\DTS\Binn\;C:\Program Files (x86)\Microsoft SQL Server\160\DTS\Binn\;C:\Users\PC\AppData\Local\Programs\Python\Python311\Scripts\;C:\Users\PC\AppData\Local\Programs\Python\Python311\;C:\WINDOWS\system32;C:\WINDOWS;C:\WINDOWS\System32\Wbem;C:\WINDOWS\System32\WindowsPowerShell\v1.0\;C:\WINDOWS\System32\OpenSSH\;C:\Program Files\Git\cmd;D:\cursor\resources\app\bin;C:\apache-maven-3.9.14-bin\apache-maven-3.9.14\bin;C:\apache-maven-3.9.14-bin\apache-maven-3.9.14\bin;C:\Program Files\Java\jdk-17\bin;C:\Program Files\nodejs\;d:\cursor\resources\app\codeBin;C:\Users\PC\AppData\Local\Microsoft\WindowsApps;C:\Program Files\Azure Data Studio\bin;E:\PyCharm Community Edition 2025.2.0.1\bin;D:\Microsoft VS Code\bin;D:\Antigravity\bin;D:\Antigravity\Antigravity\bin;C:\Users\PC\AppData\Roaming\npm;C:\Users\PC\.dotnet\tools;D:\T?i v? các ?ng d?g\cursor\resources\app\bin
USERNAME=PC
OS=Windows_NT
PROCESSOR_IDENTIFIER=Intel64 Family 6 Model 141 Stepping 1, GenuineIntel



---------------  S Y S T E M  ---------------

OS:
 Windows 11 , 64 bit Build 26100 (10.0.26100.7309)
OS uptime: 0 days 3:28 hours

CPU: total 12 (initial active 12) (6 cores per cpu, 2 threads per core) family 6 model 141 stepping 1 microcode 0x26, cx8, cmov, fxsr, ht, mmx, 3dnowpref, sse, sse2, sse3, ssse3, sse4.1, sse4.2, popcnt, lzcnt, tsc, tscinvbit, avx, avx2, aes, erms, clmul, bmi1, bmi2, adx, avx512f, avx512dq, avx512cd, avx512bw, avx512vl, sha, fma, vzeroupper, avx512_vpopcntdq, avx512_vpclmulqdq, avx512_vaes, avx512_vnni, clflush, clflushopt, clwb, avx512_vbmi2, avx512_vbmi

Memory: 4k page, system-wide physical 24277M (2556M free)
TotalPageFile size 31471M (AvailPageFile size 30M)
current process WorkingSet (physical memory assigned to process): 14M, peak: 14M
current process commit charge ("private bytes"): 65M, peak: 445M

vm_info: Java HotSpot(TM) 64-Bit Server VM (17.0.10+11-LTS-240) for windows-amd64 JRE (17.0.10+11-LTS-240), built on Dec 19 2023 21:47:25 by "mach5one" with MS VC++ 17.1 (VS2022)

END.
